Honest at-touch LINK MM (corrected engine), L2 qf=0.5, latency 0.1s, 30 days
          date |  fills | taker% | pnl(fee0) | pnl(4.5bps)
Loading trades from: /Users/adamlazinski/Desktop/master2/data/real/trades_LINK_2026-04-01.parquet
Loading quotes from: /Users/adamlazinski/Desktop/master2/data/real/quotes_LINK_2026-04-01.parquet
Loaded 74,399 trades and 1,843,201 quotes.
  Trades: 1775001600.005 to 1775087996.381
  Quotes: 1775001600.015 to 1775087999.773
  Price range: 8.74 to 9.20
    2026-04-01 |   6822 |  14.8% |     +8.44 |      -11.90
Loading trades from: /Users/adamlazinski/Desktop/master2/data/real/trades_LINK_2026-04-02.parquet
Loading quotes from: /Users/adamlazinski/Desktop/master2/data/real/quotes_LINK_2026-04-02.parquet
Loaded 87,668 trades and 2,047,147 quotes.
  Trades: 1775088005.360 to 1775174378.165
  Quotes: 1775088000.008 to 1775174399.849
  Price range: 8.42 to 9.01
    2026-04-02 |   7781 |   8.7% |     -3.58 |      -16.73
Loading trades from: /Users/adamlazinski/Desktop/master2/data/real/trades_LINK_2026-04-03.parquet
Loading quotes from: /Users/adamlazinski/Desktop/master2/data/real/quotes_LINK_2026-04-03.parquet
Loaded 31,715 trades and 981,966 quotes.
  Trades: 1775174402.387 to 1775260768.518
  Quotes: 1775174400.640 to 1775260799.796
  Price range: 8.59 to 8.81
    2026-04-03 |   2700 |   9.9% |     -3.14 |       -8.34
Loading trades from: /Users/adamlazinski/Desktop/master2/data/real/trades_LINK_2026-04-04.parquet
Loading quotes from: /Users/adamlazinski/Desktop/master2/data/real/quotes_LINK_2026-04-04.parquet
Loaded 17,736 trades and 650,508 quotes.
  Trades: 1775260802.355 to 1775347165.173
  Quotes: 1775260800.207 to 1775347199.479
  Price range: 8.61 to 8.78
    2026-04-04 |   1018 |  10.4% |     -0.43 |       -2.50
Loading trades from: /Users/adamlazinski/Desktop/master2/data/real/trades_LINK_2026-04-05.parquet
Loading quotes from: /Users/adamlazinski/Desktop/master2/data/real/quotes_LINK_2026-04-05.parquet
Loaded 31,065 trades and 829,227 quotes.
  Trades: 1775347201.048 to 1775433591.554
  Quotes: 1775347200.384 to 1775433599.339
  Price range: 8.47 to 8.87
    2026-04-05 |   2677 |  10.6% |     -1.77 |       -7.28
Loading trades from: /Users/adamlazinski/Desktop/master2/data/real/trades_LINK_2026-04-06.parquet
Loading quotes from: /Users/adamlazinski/Desktop/master2/data/real/quotes_LINK_2026-04-06.parquet
Loaded 72,303 trades and 1,507,964 quotes.
  Trades: 1775433600.002 to 1775519989.165
  Quotes: 1775433600.022 to 1775519999.884
  Price range: 8.72 to 9.15
    2026-04-06 |   5955 |   9.3% |     +6.92 |       -4.29
Loading trades from: /Users/adamlazinski/Desktop/master2/data/real/trades_LINK_2026-04-07.parquet
Loading quotes from: /Users/adamlazinski/Desktop/master2/data/real/quotes_LINK_2026-04-07.parquet
Loaded 95,515 trades and 1,570,754 quotes.
  Trades: 1775520000.147 to 1775606399.835
  Quotes: 1775520000.022 to 1775606399.903
  Price range: 8.57 to 9.42
    2026-04-07 |   8396 |  10.1% |     -6.29 |      -23.20
Loading trades from: /Users/adamlazinski/Desktop/master2/data/real/trades_LINK_2026-04-08.parquet
Loading quotes from: /Users/adamlazinski/Desktop/master2/data/real/quotes_LINK_2026-04-08.parquet
Loaded 70,274 trades and 1,536,502 quotes.
  Trades: 1775606403.502 to 1775692799.053
  Quotes: 1775606400.028 to 1775692799.649
  Price range: 8.84 to 9.34
    2026-04-08 |   6708 |   8.9% |     +9.09 |       -3.14
Loading trades from: /Users/adamlazinski/Desktop/master2/data/real/trades_LINK_2026-04-09.parquet
Loading quotes from: /Users/adamlazinski/Desktop/master2/data/real/quotes_LINK_2026-04-09.parquet
Loaded 73,630 trades and 1,430,911 quotes.
  Trades: 1775692800.001 to 1775779198.568
  Quotes: 1775692800.006 to 1775779198.697
  Price range: 8.68 to 9.19
    2026-04-09 |   6435 |   9.8% |    +11.00 |       -1.64
Loading trades from: /Users/adamlazinski/Desktop/master2/data/real/trades_LINK_2026-04-10.parquet
Loading quotes from: /Users/adamlazinski/Desktop/master2/data/real/quotes_LINK_2026-04-10.parquet
Loaded 50,812 trades and 1,149,103 quotes.
  Trades: 1775779203.415 to 1775865592.604
  Quotes: 1775779200.130 to 1775865599.949
  Price range: 8.88 to 9.18
    2026-04-10 |   5439 |  10.3% |     -4.61 |      -15.96
Loading trades from: /Users/adamlazinski/Desktop/master2/data/real/trades_LINK_2026-04-11.parquet
Loading quotes from: /Users/adamlazinski/Desktop/master2/data/real/quotes_LINK_2026-04-11.parquet
Loaded 40,284 trades and 765,763 quotes.
  Trades: 1775865615.803 to 1775951884.428
  Quotes: 1775865600.046 to 1775951999.187
  Price range: 8.95 to 9.28
    2026-04-11 |   2601 |  11.3% |     +5.23 |       -0.79
Loading trades from: /Users/adamlazinski/Desktop/master2/data/real/trades_LINK_2026-04-12.parquet
Loading quotes from: /Users/adamlazinski/Desktop/master2/data/real/quotes_LINK_2026-04-12.parquet
Loaded 49,038 trades and 948,036 quotes.
  Trades: 1775952002.823 to 1776038394.979
  Quotes: 1775952000.060 to 1776038399.695
  Price range: 8.68 to 9.09
    2026-04-12 |   3472 |  10.5% |     +4.14 |       -3.09
Loading trades from: /Users/adamlazinski/Desktop/master2/data/real/trades_LINK_2026-04-13.parquet
Loading quotes from: /Users/adamlazinski/Desktop/master2/data/real/quotes_LINK_2026-04-13.parquet
Loaded 73,244 trades and 1,240,848 quotes.
  Trades: 1776038402.375 to 1776124799.460
  Quotes: 1776038400.030 to 1776124799.582
  Price range: 8.69 to 9.44
    2026-04-13 |   5951 |   9.5% |     -2.55 |      -14.02
Loading trades from: /Users/adamlazinski/Desktop/master2/data/real/trades_LINK_2026-04-14.parquet
Loading quotes from: /Users/adamlazinski/Desktop/master2/data/real/quotes_LINK_2026-04-14.parquet
Loaded 71,295 trades and 1,268,251 quotes.
  Trades: 1776124800.370 to 1776211197.528
  Quotes: 1776124800.072 to 1776211199.343
  Price range: 8.93 to 9.39
    2026-04-14 |   4457 |   8.3% |     -6.68 |      -14.26
Loading trades from: /Users/adamlazinski/Desktop/master2/data/real/trades_LINK_2026-04-15.parquet
Loading quotes from: /Users/adamlazinski/Desktop/master2/data/real/quotes_LINK_2026-04-15.parquet
Loaded 50,089 trades and 1,181,594 quotes.
  Trades: 1776211201.706 to 1776297593.867
  Quotes: 1776211200.019 to 1776297599.349
  Price range: 8.99 to 9.37
    2026-04-15 |   4445 |   8.5% |     +6.50 |       -1.32
Loading trades from: /Users/adamlazinski/Desktop/master2/data/real/trades_LINK_2026-04-16.parquet
Loading quotes from: /Users/adamlazinski/Desktop/master2/data/real/quotes_LINK_2026-04-16.parquet
Loaded 86,994 trades and 1,640,830 quotes.
  Trades: 1776297601.786 to 1776383994.877
  Quotes: 1776297600.325 to 1776383999.928
  Price range: 9.11 to 9.68
    2026-04-16 |   6595 |   9.8% |     -4.37 |      -18.01
Loading trades from: /Users/adamlazinski/Desktop/master2/data/real/trades_LINK_2026-04-17.parquet
Loading quotes from: /Users/adamlazinski/Desktop/master2/data/real/quotes_LINK_2026-04-17.parquet
Loaded 83,080 trades and 1,646,276 quotes.
  Trades: 1776384002.585 to 1776470395.194
  Quotes: 1776384000.009 to 1776470399.917
  Price range: 9.34 to 9.87
    2026-04-17 |   7501 |   9.5% |     +5.75 |       -9.77
Loading trades from: /Users/adamlazinski/Desktop/master2/data/real/trades_LINK_2026-04-18.parquet
Loading quotes from: /Users/adamlazinski/Desktop/master2/data/real/quotes_LINK_2026-04-18.parquet
Loaded 48,072 trades and 1,169,590 quotes.
  Trades: 1776470404.976 to 1776556785.200
  Quotes: 1776470400.016 to 1776556799.977
  Price range: 9.26 to 9.65
    2026-04-18 |   3037 |   9.5% |     -3.58 |       -9.72
Loading trades from: /Users/adamlazinski/Desktop/master2/data/real/trades_LINK_2026-04-19.parquet
Loading quotes from: /Users/adamlazinski/Desktop/master2/data/real/quotes_LINK_2026-04-19.parquet
Loaded 60,064 trades and 1,198,146 quotes.
  Trades: 1776556807.089 to 1776643198.277
  Quotes: 1776556800.210 to 1776643199.993
  Price range: 9.00 to 9.38
    2026-04-19 |   5373 |   8.8% |     +4.79 |       -4.98
Loading trades from: /Users/adamlazinski/Desktop/master2/data/real/trades_LINK_2026-04-20.parquet
Loading quotes from: /Users/adamlazinski/Desktop/master2/data/real/quotes_LINK_2026-04-20.parquet
Loaded 64,745 trades and 1,413,573 quotes.
  Trades: 1776643200.001 to 1776729598.772
  Quotes: 1776643200.003 to 1776729599.830
  Price range: 9.05 to 9.41
    2026-04-20 |   6478 |   7.6% |     -3.14 |      -13.41
Loading trades from: /Users/adamlazinski/Desktop/master2/data/real/trades_LINK_2026-04-21.parquet
Loading quotes from: /Users/adamlazinski/Desktop/master2/data/real/quotes_LINK_2026-04-21.parquet
Loaded 59,708 trades and 1,285,669 quotes.
  Trades: 1776729610.452 to 1776815959.198
  Quotes: 1776729600.009 to 1776815996.676
  Price range: 9.24 to 9.49
    2026-04-21 |   4997 |   8.9% |     +4.78 |       -4.64
Loading trades from: /Users/adamlazinski/Desktop/master2/data/real/trades_LINK_2026-04-22.parquet
Loading quotes from: /Users/adamlazinski/Desktop/master2/data/real/quotes_LINK_2026-04-22.parquet
Loaded 48,879 trades and 1,411,588 quotes.
  Trades: 1776816000.244 to 1776902398.877
  Quotes: 1776816000.005 to 1776902399.970
  Price range: 9.28 to 9.56
    2026-04-22 |   3482 |   9.6% |     +0.05 |       -7.08
Loading trades from: /Users/adamlazinski/Desktop/master2/data/real/trades_LINK_2026-04-23.parquet
Loading quotes from: /Users/adamlazinski/Desktop/master2/data/real/quotes_LINK_2026-04-23.parquet
Loaded 52,849 trades and 1,267,478 quotes.
  Trades: 1776902400.005 to 1776988698.485
  Quotes: 1776902400.007 to 1776988799.603
  Price range: 9.14 to 9.39
    2026-04-23 |   3780 |   9.8% |     +1.36 |       -6.39
Loading trades from: /Users/adamlazinski/Desktop/master2/data/real/trades_LINK_2026-04-24.parquet
Loading quotes from: /Users/adamlazinski/Desktop/master2/data/real/quotes_LINK_2026-04-24.parquet
Loaded 32,670 trades and 1,077,479 quotes.
  Trades: 1776988800.202 to 1777075199.241
  Quotes: 1776988800.001 to 1777075199.850
  Price range: 9.24 to 9.45
    2026-04-24 |   2146 |  10.1% |     -1.89 |       -6.43
Loading trades from: /Users/adamlazinski/Desktop/master2/data/real/trades_LINK_2026-04-25.parquet
Loading quotes from: /Users/adamlazinski/Desktop/master2/data/real/quotes_LINK_2026-04-25.parquet
Loaded 19,367 trades and 749,013 quotes.
  Trades: 1777075202.196 to 1777161552.599
  Quotes: 1777075200.197 to 1777161599.762
  Price range: 9.28 to 9.45
    2026-04-25 |    629 |  19.1% |     +0.32 |       -2.21
Loading trades from: /Users/adamlazinski/Desktop/master2/data/real/trades_LINK_2026-04-26.parquet
Loading quotes from: /Users/adamlazinski/Desktop/master2/data/real/quotes_LINK_2026-04-26.parquet
Loaded 30,812 trades and 1,026,204 quotes.
  Trades: 1777161601.599 to 1777247990.584
  Quotes: 1777161600.005 to 1777247999.850
  Price range: 9.30 to 9.54
    2026-04-26 |   1682 |   9.1% |     +1.73 |       -1.52
Loading trades from: /Users/adamlazinski/Desktop/master2/data/real/trades_LINK_2026-04-27.parquet
Loading quotes from: /Users/adamlazinski/Desktop/master2/data/real/quotes_LINK_2026-04-27.parquet
Loaded 44,673 trades and 1,071,588 quotes.
  Trades: 1777248000.003 to 1777334388.467
  Quotes: 1777248000.009 to 1777334399.999
  Price range: 9.15 to 9.60
    2026-04-27 |   3249 |   8.5% |     -0.01 |       -5.82
Loading trades from: /Users/adamlazinski/Desktop/master2/data/real/trades_LINK_2026-04-28.parquet
Loading quotes from: /Users/adamlazinski/Desktop/master2/data/real/quotes_LINK_2026-04-28.parquet
Loaded 29,044 trades and 981,951 quotes.
  Trades: 1777334402.658 to 1777420785.129
  Quotes: 1777334400.005 to 1777420797.110
  Price range: 9.15 to 9.34
    2026-04-28 |   1610 |  13.2% |     -5.99 |      -10.42
Loading trades from: /Users/adamlazinski/Desktop/master2/data/real/trades_LINK_2026-04-29.parquet
Loading quotes from: /Users/adamlazinski/Desktop/master2/data/real/quotes_LINK_2026-04-29.parquet
Loaded 52,294 trades and 1,217,584 quotes.
  Trades: 1777420800.321 to 1777507195.213
  Quotes: 1777420800.358 to 1777507199.607
  Price range: 8.91 to 9.42
    2026-04-29 |   3818 |   9.7% |     +0.88 |       -6.76
Loading trades from: /Users/adamlazinski/Desktop/master2/data/real/trades_LINK_2026-04-30.parquet
Loading quotes from: /Users/adamlazinski/Desktop/master2/data/real/quotes_LINK_2026-04-30.parquet
Loaded 34,130 trades and 966,342 quotes.
  Trades: 1777507202.698 to 1777593598.773
  Quotes: 1777507200.012 to 1777593599.837
  Price range: 9.02 to 9.19
    2026-04-30 |   2001 |  13.5% |     +3.22 |       -2.32

  MEAN/day  fee=0:    +0.87  (days>0 53%)
  MEAN/day  fee=4.5b: -7.93  (days>0 0%)
Saved -> experiments/62_engine_fix_reruns/results/honest_mm.json
