Touch-based reversion — LINK (tick=0.001), 242 days, DT=30.0s hold=60.0s, depths=[10, 20, 50, 100, 200, 500]t
  2025-06-11: 86,308 placements, 107,059 fills
  2025-06-12: 86,308 placements, 97,941 fills
  2025-06-13: 86,308 placements, 113,096 fills
  2025-06-14: 86,308 placements, 60,251 fills
  2025-06-15: 86,308 placements, 52,605 fills
  2025-06-16: 86,228 placements, 74,511 fills
  2025-06-17: 86,308 placements, 100,621 fills
  2025-06-18: 86,308 placements, 87,126 fills
  2025-06-19: 86,308 placements, 62,943 fills
  2025-06-20: 86,308 placements, 70,907 fills
  2025-06-21: 86,308 placements, 64,726 fills
  2025-06-22: 86,308 placements, 109,542 fills
  2025-06-23: 86,308 placements, 97,114 fills
  2025-06-24: 86,308 placements, 96,906 fills
  2025-06-25: 86,308 placements, 83,384 fills
  2025-06-26: 86,308 placements, 79,649 fills
  2025-06-27: 86,308 placements, 68,357 fills
  2025-06-28: 86,308 placements, 30,665 fills
  2025-06-29: 86,308 placements, 36,559 fills
  2025-06-30: 86,308 placements, 65,724 fills
  2025-07-01: 86,308 placements, 51,076 fills
  2025-07-02: 86,308 placements, 61,175 fills
  2025-07-03: 86,308 placements, 67,953 fills
  2025-07-04: 86,308 placements, 57,684 fills
  2025-07-05: 86,308 placements, 31,446 fills
  2025-07-06: 86,308 placements, 38,045 fills
  2025-07-07: 86,308 placements, 61,198 fills
  2025-07-08: 86,308 placements, 54,570 fills
  2025-07-09: 86,306 placements, 69,190 fills
  2025-07-10: 86,308 placements, 76,416 fills
  2025-10-01: 86,307 placements, 107,506 fills
  2025-10-02: 86,308 placements, 104,995 fills
  2025-10-03: 86,308 placements, 113,316 fills
  2025-10-04: 86,308 placements, 75,631 fills
  2025-10-05: 86,308 placements, 110,292 fills
  2025-10-06: 86,308 placements, 130,342 fills
  2025-10-07: 86,308 placements, 135,258 fills
  2025-10-08: 86,308 placements, 122,895 fills
  2025-10-09: 86,308 placements, 128,065 fills
  2025-10-10: 86,308 placements, 196,124 fills
  2025-10-11: 86,308 placements, 214,542 fills
  2025-10-12: 86,308 placements, 184,291 fills
  2025-10-13: 86,308 placements, 190,056 fills
  2025-10-14: 86,308 placements, 190,237 fills
  2025-10-15: 86,308 placements, 147,991 fills
  2025-10-16: 86,308 placements, 157,831 fills
  2025-10-17: 86,308 placements, 163,899 fills
  2025-10-18: 86,308 placements, 86,025 fills
  2025-10-19: 86,308 placements, 99,583 fills
  2025-10-20: 86,308 placements, 142,509 fills
  2025-10-21: 86,308 placements, 144,329 fills
  2025-10-22: 86,308 placements, 131,961 fills
  2025-10-23: 86,308 placements, 92,337 fills
  2025-10-24: 86,308 placements, 93,864 fills
  2025-10-25: 86,308 placements, 54,289 fills
  2025-10-26: 86,308 placements, 72,682 fills
  2025-10-27: 86,308 placements, 119,333 fills
  2025-10-28: 86,308 placements, 125,524 fills
  2025-10-29: 86,308 placements, 123,134 fills
  2025-10-30: 86,308 placements, 156,516 fills
  2025-10-31: 86,308 placements, 119,959 fills
  2025-11-01: 86,308 placements, 74,329 fills
  2025-11-02: 86,308 placements, 94,636 fills
  2025-11-03: 86,308 placements, 155,580 fills
  2025-11-04: 86,308 placements, 182,780 fills
  2025-11-05: 86,308 placements, 140,274 fills
  2025-11-06: 86,308 placements, 130,694 fills
  2025-11-07: 86,308 placements, 148,701 fills
  2025-11-08: 86,308 placements, 116,436 fills
  2025-11-09: 86,308 placements, 107,307 fills
  2025-11-10: 86,308 placements, 127,862 fills
  2025-11-11: 86,308 placements, 143,506 fills
  2025-11-12: 86,308 placements, 122,214 fills
  2025-11-13: 86,308 placements, 145,278 fills
  2025-11-14: 86,308 placements, 153,993 fills
  2025-11-15: 86,307 placements, 81,574 fills
  2025-11-16: 86,308 placements, 109,862 fills
  2025-11-17: 86,308 placements, 127,561 fills
  2025-11-18: 86,308 placements, 125,963 fills
  2025-11-19: 86,308 placements, 119,138 fills
  2025-11-20: 86,308 placements, 110,865 fills
  2025-11-21: 86,308 placements, 157,273 fills
  2025-11-22: 86,307 placements, 100,618 fills
  2025-11-23: 86,308 placements, 79,724 fills
  2025-11-24: 86,308 placements, 108,761 fills
  2025-11-25: 86,308 placements, 91,530 fills
  2025-11-26: 86,307 placements, 71,649 fills
  2025-11-27: 86,308 placements, 55,535 fills
  2025-11-28: 86,308 placements, 65,142 fills
  2025-11-29: 86,308 placements, 39,503 fills
  2025-11-30: 86,308 placements, 52,122 fills
  2025-12-01: 86,308 placements, 96,533 fills
  2025-12-02: 86,308 placements, 82,745 fills
  2025-12-03: 86,308 placements, 111,773 fills
  2025-12-04: 86,308 placements, 89,054 fills
  2025-12-05: 86,308 placements, 90,542 fills
  2025-12-06: 86,308 placements, 58,671 fills
  2025-12-07: 86,308 placements, 83,689 fills
  2025-12-08: 86,308 placements, 89,535 fills
  2025-12-09: 86,308 placements, 92,818 fills
  2025-12-10: 86,308 placements, 97,259 fills
  2025-12-11: 86,308 placements, 100,274 fills
  2025-12-12: 86,308 placements, 84,294 fills
  2025-12-13: 86,308 placements, 35,815 fills
  2025-12-14: 86,308 placements, 54,426 fills
  2025-12-15: 86,308 placements, 89,613 fills
  2025-12-16: 86,308 placements, 82,720 fills
  2025-12-17: 86,308 placements, 84,981 fills
  2025-12-18: 86,308 placements, 90,262 fills
  2025-12-19: 86,308 placements, 77,577 fills
  2025-12-20: 86,308 placements, 26,665 fills
  2025-12-21: 86,308 placements, 44,559 fills
  2025-12-22: 86,308 placements, 78,279 fills
  2025-12-23: 86,308 placements, 59,083 fills
  2025-12-24: 86,308 placements, 45,756 fills
  2025-12-25: 86,306 placements, 36,531 fills
  2025-12-26: 86,308 placements, 47,973 fills
  2025-12-27: 86,308 placements, 19,972 fills
  2025-12-28: 86,308 placements, 31,153 fills
  2025-12-29: 86,308 placements, 63,230 fills
  2025-12-30: 86,308 placements, 44,826 fills
  2025-12-31: 86,308 placements, 35,349 fills
  2026-01-01: 86,308 placements, 28,149 fills
  2026-01-02: 86,308 placements, 68,482 fills
  2026-01-03: 86,308 placements, 35,501 fills
  2026-01-04: 86,308 placements, 51,472 fills
  2026-01-05: 86,308 placements, 84,314 fills
  2026-01-06: 86,308 placements, 86,592 fills
  2026-01-07: 86,308 placements, 70,359 fills
  2026-01-08: 86,308 placements, 69,491 fills
  2026-01-09: 86,308 placements, 64,129 fills
  2026-01-10: 86,308 placements, 21,318 fills
  2026-01-11: 86,308 placements, 33,440 fills
  2026-01-12: 86,308 placements, 65,956 fills
  2026-01-13: 86,308 placements, 62,468 fills
  2026-01-14: 86,308 placements, 67,236 fills
  2026-01-15: 86,308 placements, 70,433 fills
  2026-01-16: 86,308 placements, 46,959 fills
  2026-01-17: 86,308 placements, 25,607 fills
  2026-01-18: 86,308 placements, 34,251 fills
  2026-01-19: 86,308 placements, 51,416 fills
  2026-01-20: 86,308 placements, 63,950 fills
  2026-01-21: 86,308 placements, 71,457 fills
  2026-01-22: 86,308 placements, 50,968 fills
  2026-01-23: 86,308 placements, 51,787 fills
  2026-01-24: 86,308 placements, 14,222 fills
  2026-01-25: 86,308 placements, 45,724 fills
  2026-01-26: 86,308 placements, 51,861 fills
  2026-01-27: 86,308 placements, 44,391 fills
  2026-01-28: 86,308 placements, 53,772 fills
  2026-01-29: 86,308 placements, 59,215 fills
  2026-01-30: 86,308 placements, 86,142 fills
  2026-01-31: 86,308 placements, 81,345 fills
  2026-02-01: 86,308 placements, 78,232 fills
  2026-02-02: 86,308 placements, 107,125 fills
  2026-02-03: 86,308 placements, 84,329 fills
  2026-02-04: 86,308 placements, 89,521 fills
  2026-02-05: 86,308 placements, 139,466 fills
  2026-02-06: 86,308 placements, 116,453 fills
  2026-02-07: 86,308 placements, 70,353 fills
  2026-02-08: 86,308 placements, 50,327 fills
  2026-02-09: 86,308 placements, 64,173 fills
  2026-02-10: 86,308 placements, 53,967 fills
  2026-02-11: 86,308 placements, 66,074 fills
  2026-02-12: 86,308 placements, 59,317 fills
  2026-02-13: 86,308 placements, 50,724 fills
  2026-02-14: 86,308 placements, 35,472 fills
  2026-02-15: 86,308 placements, 59,530 fills
  2026-02-16: 86,308 placements, 52,311 fills
  2026-02-17: 86,308 placements, 48,820 fills
  2026-02-18: 86,308 placements, 43,969 fills
  2026-02-19: 86,308 placements, 45,810 fills
  2026-02-20: 86,308 placements, 52,468 fills
  2026-02-21: 86,308 placements, 23,363 fills
  2026-02-22: 86,308 placements, 22,998 fills
  2026-02-23: 86,308 placements, 57,963 fills
  2026-02-24: 86,308 placements, 47,613 fills
  2026-02-25: 86,308 placements, 65,607 fills
  2026-02-26: 86,308 placements, 59,931 fills
  2026-02-27: 86,308 placements, 54,778 fills
  2026-02-28: 86,308 placements, 58,066 fills
  2026-03-01: 86,308 placements, 63,567 fills
  2026-03-02: 86,308 placements, 74,224 fills
  2026-03-03: 86,308 placements, 69,461 fills
  2026-03-04: 86,308 placements, 72,505 fills
  2026-03-05: 86,308 placements, 60,194 fills
  2026-03-06: 86,308 placements, 50,331 fills
  2026-03-07: 86,308 placements, 20,376 fills
  2026-03-08: 86,308 placements, 38,387 fills
  2026-03-09: 86,308 placements, 65,024 fills
  2026-03-10: 86,308 placements, 55,221 fills
  2026-03-11: 86,308 placements, 44,951 fills
  2026-03-12: 86,308 placements, 42,626 fills
  2026-03-13: 86,308 placements, 57,268 fills
  2026-03-14: 86,308 placements, 19,704 fills
  2026-03-15: 86,308 placements, 32,350 fills
  2026-03-16: 86,308 placements, 63,387 fills
  2026-03-17: 86,308 placements, 50,318 fills
  2026-03-18: 86,308 placements, 45,465 fills
  2026-03-19: 86,308 placements, 41,250 fills
  2026-03-20: 86,307 placements, 37,121 fills
  2026-03-21: 86,308 placements, 16,863 fills
  2026-03-22: 86,308 placements, 35,444 fills
  2026-03-23: 86,308 placements, 60,597 fills
  2026-03-24: 86,308 placements, 45,276 fills
  2026-03-25: 86,308 placements, 38,667 fills
  2026-03-26: 86,308 placements, 33,181 fills
  2026-03-27: 86,308 placements, 36,024 fills
  2026-03-28: 86,308 placements, 20,213 fills
  2026-03-29: 86,308 placements, 24,595 fills
  2026-03-30: 86,308 placements, 42,471 fills
  2026-03-31: 86,308 placements, 47,761 fills
  2026-04-01: 86,308 placements, 44,716 fills
  2026-04-02: 86,308 placements, 44,603 fills
  2026-04-03: 86,308 placements, 25,248 fills
  2026-04-04: 86,308 placements, 12,599 fills
  2026-04-05: 86,308 placements, 21,505 fills
  2026-04-06: 86,308 placements, 41,244 fills
  2026-04-07: 86,308 placements, 47,884 fills
  2026-04-08: 86,308 placements, 43,973 fills
  2026-04-09: 86,307 placements, 42,010 fills
  2026-04-10: 86,308 placements, 38,262 fills
  2026-04-11: 86,308 placements, 24,621 fills
  2026-04-12: 86,308 placements, 27,462 fills
  2026-04-13: 86,308 placements, 40,792 fills
  2026-04-14: 86,308 placements, 36,822 fills
  2026-04-15: 86,308 placements, 35,721 fills
  2026-04-16: 86,308 placements, 47,911 fills
  2026-04-17: 86,308 placements, 49,826 fills
  2026-04-18: 86,308 placements, 29,862 fills
  2026-04-19: 86,308 placements, 38,229 fills
  2026-04-20: 86,308 placements, 41,346 fills
  2026-04-21: 86,305 placements, 37,504 fills
  2026-04-22: 86,308 placements, 30,350 fills
  2026-04-23: 86,308 placements, 31,363 fills
  2026-04-24: 86,308 placements, 24,003 fills
  2026-04-25: 86,308 placements, 10,784 fills
  2026-04-26: 86,308 placements, 16,957 fills
  2026-04-27: 86,308 placements, 27,896 fills
  2026-04-28: 86,306 placements, 19,403 fills
  2026-04-29: 86,308 placements, 32,130 fills
  2026-04-30: 86,308 placements, 23,076 fills

Reversion PnL in TICKS from the FILL price (wicks fill — no censoring).

==============================================================================
Q1 — BY DEPTH (touch-based fills)
==============================================================================
        mean  p_profit      p5         n  fills_per_day  fill_rate_pct  mean_ttf_s
depth                                                                             
10       2.3      54.3   -30.0  13953610        57659.5           33.4        10.9
20       1.7      46.4   -40.0   3316496        13704.5            7.9        16.0
50      -1.9      51.9   -90.0    200375          828.0            0.5        18.8
100    -34.7      51.4  -443.2     18908           78.1            0.0        17.1
200   -160.9      45.2 -1542.5      3956           16.3            0.0        15.0
500   -536.2      32.1 -2553.2       868            3.6            0.0        17.3

==============================================================================
Q2a — DEPTH x VOL REGIME at fill
==============================================================================
             mean  p_profit      p5        n
depth volb                                  
10    loV     2.5      55.8   -10.0  5416487
      medV    2.3      53.9   -20.0  4723892
      hiV     2.0      52.7   -40.0  3813231
20    loV     2.1      44.5   -20.0   414475
      medV    1.9      45.7   -30.0  1093838
      hiV     1.6      47.3   -50.0  1808183
50    loV     5.0      70.2   -40.0      641
      medV   -1.1      52.9   -50.0    13400
      hiV    -2.0      51.8  -100.0   186334
100   medV    8.9      53.8   -40.0       91
      hiV   -34.9      51.4  -445.0    18817
200   hiV  -160.9      45.2 -1542.5     3956
500   hiV  -536.2      32.1 -2553.2      868

==============================================================================
Q2b — DEPTH x OFI-ALIGNMENT at fill
==============================================================================
                       mean  p_profit      p5        n
depth ofi_state                                       
10    aligned_strong    2.3      54.4   -20.0  8469823
      opposed_strong    2.6      54.5   -30.0  2494532
      weak              2.2      53.9   -30.0  2989255
20    aligned_strong    1.8      45.9   -40.0  2026462
      opposed_strong    2.1      47.2   -40.0   420583
      weak              1.5      47.1   -50.0   869451
50    aligned_strong    1.3      52.7   -70.0   108641
      opposed_strong   -2.6      49.6   -80.0    11875
      weak             -6.1      51.1  -140.0    79859
100   aligned_strong    7.6      57.7  -147.7     6230
      opposed_strong -174.5      37.7 -1080.0      326
      weak            -52.3      48.6  -570.0    12352
200   aligned_strong    2.8      59.4  -479.5      463
      opposed_strong -723.2      12.0 -1184.5       92
      weak           -168.0      44.2 -1710.0     3401
500   aligned_strong -198.5      50.0 -2405.0       74
      weak           -554.7      31.8 -2560.0      760

Saved -> experiments/57_deep_reversion/analysis/touch_reversion_LINK.json
