Touch-based reversion — BTC (tick=0.01), 43 days, DT=30.0s hold=60.0s, depths=[10, 20, 50, 100, 200, 500]t
  2025-05-13: 86,308 placements, 599,396 fills
  2025-05-14: 86,308 placements, 494,616 fills
  2025-05-15: 86,308 placements, 594,866 fills
  2025-05-16: 86,308 placements, 553,325 fills
  2025-05-17: 86,308 placements, 479,685 fills
  2025-05-18: 85,963 placements, 462,287 fills
  2025-05-19: 86,308 placements, 683,457 fills
  2025-05-20: 86,308 placements, 609,987 fills
  2025-05-21: 86,275 placements, 647,857 fills
  2025-05-22: 86,308 placements, 684,622 fills
  2025-05-24: 86,308 placements, 519,612 fills
  2025-06-11: 86,308 placements, 507,419 fills
  2025-06-12: 86,308 placements, 579,330 fills
  2025-06-13: 86,308 placements, 645,071 fills
  2025-06-14: 86,308 placements, 400,085 fills
  2025-06-15: 86,308 placements, 368,561 fills
  2025-06-16: 86,228 placements, 545,883 fills
  2025-06-17: 86,308 placements, 625,093 fills
  2025-06-18: 86,308 placements, 582,206 fills
  2025-06-19: 86,308 placements, 427,215 fills
  2025-06-20: 86,308 placements, 525,721 fills
  2025-06-21: 86,308 placements, 390,811 fills
  2025-06-22: 86,308 placements, 636,074 fills
  2025-06-23: 86,308 placements, 639,961 fills
  2025-06-24: 86,308 placements, 580,223 fills
  2025-06-25: 86,308 placements, 534,971 fills
  2025-06-26: 86,308 placements, 522,543 fills
  2025-06-27: 86,308 placements, 471,115 fills
  2025-06-28: 86,308 placements, 166,940 fills
  2025-06-29: 86,308 placements, 256,266 fills
  2025-06-30: 86,308 placements, 390,832 fills
  2025-07-01: 86,308 placements, 461,009 fills
  2025-07-02: 86,308 placements, 470,998 fills
  2025-07-03: 86,308 placements, 461,425 fills
  2025-07-04: 86,308 placements, 424,233 fills
  2025-07-05: 86,308 placements, 201,388 fills
  2025-07-06: 86,308 placements, 260,604 fills
  2025-07-07: 86,308 placements, 428,017 fills
  2025-07-08: 86,308 placements, 377,925 fills
  2025-07-09: 86,308 placements, 411,730 fills
  2025-07-10: 86,308 placements, 459,384 fills

Reversion PnL in TICKS from the FILL price (wicks fill — no censoring).

==============================================================================
Q1 — BY DEPTH (touch-based fills)
==============================================================================
         mean  p_profit       p5        n  fills_per_day  fill_rate_pct  mean_ttf_s
depth                                                                              
10    -1713.0      32.0 -10666.0  3446636        84064.3           48.7         9.1
20    -1708.2      32.1 -10665.0  3439739        83896.1           48.6         9.1
50    -1691.2      32.3 -10656.0  3421097        83441.4           48.3         9.2
100   -1663.1      32.6 -10643.0  3390565        82696.7           47.9         9.2
200   -1612.6      33.2 -10634.0  3324574        81087.2           47.0         9.4
500   -1514.0      34.6 -10708.0  3060132        74637.4           43.2        10.0

==============================================================================
Q2a — DEPTH x VOL REGIME at fill
==============================================================================
              mean  p_profit       p5        n
depth volb                                    
10    loV  -1714.4      23.6  -7229.0  1169329
      medV -1702.9      33.2  -9525.0  1141955
      hiV  -1721.7      39.6 -14445.0  1135352
20    loV  -1709.2      23.7  -7220.0  1165402
      medV -1698.4      33.2  -9527.0  1140267
      hiV  -1716.9      39.6 -14441.0  1134070
50    loV  -1692.8      24.0  -7212.0  1154948
      medV -1678.3      33.4  -9503.0  1135803
      hiV  -1702.5      39.7 -14433.0  1130346
100   loV  -1662.3      24.3  -7191.0  1138169
      medV -1650.5      33.8  -9478.0  1128094
      hiV  -1676.6      39.9 -14409.0  1124302
200   loV  -1609.1      25.0  -7156.0  1103231
      medV -1595.9      34.3  -9438.0  1110539
      hiV  -1632.8      40.1 -14379.0  1110804
500   loV  -1495.2      26.9  -7082.0   963218
      medV -1496.4      35.5  -9389.0  1037617
      hiV  -1548.2      40.9 -14370.0  1059297

==============================================================================
Q2b — DEPTH x OFI-ALIGNMENT at fill
==============================================================================
                        mean  p_profit       p5        n
depth ofi_state                                         
10    aligned_strong -1734.7      29.9  -9847.0  1781385
      opposed_strong -1711.0      33.9 -11255.0   627647
      weak           -1677.0      34.5 -11651.0  1037604
20    aligned_strong -1730.6      30.0  -9843.0  1778205
      opposed_strong -1704.0      33.9 -11253.4   625593
      weak           -1672.3      34.6 -11646.0  1035941
50    aligned_strong -1715.5      30.3  -9837.0  1770315
      opposed_strong -1683.8      34.1 -11236.0   620776
      weak           -1653.9      34.8 -11650.0  1030006
100   aligned_strong -1689.8      30.5  -9830.0  1758169
      opposed_strong -1650.4      34.4 -11216.0   612173
      weak           -1624.8      35.1 -11646.0  1020223
200   aligned_strong -1638.8      31.2  -9813.0  1734846
      opposed_strong -1595.5      35.0 -11195.0   591694
      weak           -1577.2      35.6 -11650.0   998034
500   aligned_strong -1543.0      32.7  -9895.6  1632549
      opposed_strong -1479.0      36.6 -11324.9   511763
      weak           -1481.7      37.0 -11803.0   915820

Saved -> experiments/57_deep_reversion/analysis/touch_reversion_BTC.json
