LINK Apr-2026 perp-toxicity spread-widening test (queue_model=none, latency=10ms), 30 days, 7 variants

Loading trades from: /Users/adamlazinski/Desktop/master2/data/real/trades_LINK_2026-04-01.parquet
Loading quotes from: /Users/adamlazinski/Desktop/master2/data/real/quotes_LINK_2026-04-01.parquet
Loaded 74,399 trades and 1,843,201 quotes.
  Trades: 1775001600.005 to 1775087996.381
  Quotes: 1775001600.015 to 1775087999.773
  Price range: 8.74 to 9.20
  [1/30] 2026-04-01  baseline=+96.40  obi_a1=+4.81  obi_a2=+3.81  ret_a1=+64.29  ret_a2=+66.55  vol_a1=+59.43  vol_a2=+60.59
Loading trades from: /Users/adamlazinski/Desktop/master2/data/real/trades_LINK_2026-04-02.parquet
Loading quotes from: /Users/adamlazinski/Desktop/master2/data/real/quotes_LINK_2026-04-02.parquet
Loaded 87,668 trades and 2,047,147 quotes.
  Trades: 1775088005.360 to 1775174378.165
  Quotes: 1775088000.008 to 1775174399.849
  Price range: 8.42 to 9.01
  [2/30] 2026-04-02  baseline=+115.06  obi_a1=+21.75  obi_a2=+19.08  ret_a1=+82.01  ret_a2=+83.89  vol_a1=+79.85  vol_a2=+77.62
Loading trades from: /Users/adamlazinski/Desktop/master2/data/real/trades_LINK_2026-04-03.parquet
Loading quotes from: /Users/adamlazinski/Desktop/master2/data/real/quotes_LINK_2026-04-03.parquet
Loaded 31,715 trades and 981,966 quotes.
  Trades: 1775174402.387 to 1775260768.518
  Quotes: 1775174400.640 to 1775260799.796
  Price range: 8.59 to 8.81
  [3/30] 2026-04-03  baseline=+45.65  obi_a1=+5.42  obi_a2=+3.21  ret_a1=+31.22  ret_a2=+32.00  vol_a1=+32.86  vol_a2=+29.69
Loading trades from: /Users/adamlazinski/Desktop/master2/data/real/trades_LINK_2026-04-04.parquet
Loading quotes from: /Users/adamlazinski/Desktop/master2/data/real/quotes_LINK_2026-04-04.parquet
Loaded 17,736 trades and 650,508 quotes.
  Trades: 1775260802.355 to 1775347165.173
  Quotes: 1775260800.207 to 1775347199.479
  Price range: 8.61 to 8.78
  [4/30] 2026-04-04  baseline=+40.30  obi_a1=+5.56  obi_a2=+2.32  ret_a1=+33.75  ret_a2=+33.04  vol_a1=+25.05  vol_a2=+24.65
Loading trades from: /Users/adamlazinski/Desktop/master2/data/real/trades_LINK_2026-04-05.parquet
Loading quotes from: /Users/adamlazinski/Desktop/master2/data/real/quotes_LINK_2026-04-05.parquet
Loaded 31,065 trades and 829,227 quotes.
  Trades: 1775347201.048 to 1775433591.554
  Quotes: 1775347200.384 to 1775433599.339
  Price range: 8.47 to 8.87
  [5/30] 2026-04-05  baseline=+48.17  obi_a1=+20.65  obi_a2=+18.21  ret_a1=+35.14  ret_a2=+34.40  vol_a1=+36.23  vol_a2=+35.62
Loading trades from: /Users/adamlazinski/Desktop/master2/data/real/trades_LINK_2026-04-06.parquet
Loading quotes from: /Users/adamlazinski/Desktop/master2/data/real/quotes_LINK_2026-04-06.parquet
Loaded 72,303 trades and 1,507,964 quotes.
  Trades: 1775433600.002 to 1775519989.165
  Quotes: 1775433600.022 to 1775519999.884
  Price range: 8.72 to 9.15
  [6/30] 2026-04-06  baseline=+70.78  obi_a1=+21.03  obi_a2=+17.01  ret_a1=+53.95  ret_a2=+53.54  vol_a1=+46.56  vol_a2=+43.05
Loading trades from: /Users/adamlazinski/Desktop/master2/data/real/trades_LINK_2026-04-07.parquet
Loading quotes from: /Users/adamlazinski/Desktop/master2/data/real/quotes_LINK_2026-04-07.parquet
Loaded 95,515 trades and 1,570,754 quotes.
  Trades: 1775520000.147 to 1775606399.835
  Quotes: 1775520000.022 to 1775606399.903
  Price range: 8.57 to 9.42
  [7/30] 2026-04-07  baseline=+103.70  obi_a1=+12.64  obi_a2=+10.78  ret_a1=+70.88  ret_a2=+69.79  vol_a1=+45.25  vol_a2=+43.14
Loading trades from: /Users/adamlazinski/Desktop/master2/data/real/trades_LINK_2026-04-08.parquet
Loading quotes from: /Users/adamlazinski/Desktop/master2/data/real/quotes_LINK_2026-04-08.parquet
Loaded 70,274 trades and 1,536,502 quotes.
  Trades: 1775606403.502 to 1775692799.053
  Quotes: 1775606400.028 to 1775692799.649
  Price range: 8.84 to 9.34
  [8/30] 2026-04-08  baseline=+91.70  obi_a1=+27.83  obi_a2=+20.09  ret_a1=+68.75  ret_a2=+69.08  vol_a1=+52.34  vol_a2=+51.31
Loading trades from: /Users/adamlazinski/Desktop/master2/data/real/trades_LINK_2026-04-09.parquet
Loading quotes from: /Users/adamlazinski/Desktop/master2/data/real/quotes_LINK_2026-04-09.parquet
Loaded 73,630 trades and 1,430,911 quotes.
  Trades: 1775692800.001 to 1775779198.568
  Quotes: 1775692800.006 to 1775779198.697
  Price range: 8.68 to 9.19
  [9/30] 2026-04-09  baseline=+83.71  obi_a1=-2.50  obi_a2=-2.34  ret_a1=+60.05  ret_a2=+59.52  vol_a1=+44.67  vol_a2=+38.03
Loading trades from: /Users/adamlazinski/Desktop/master2/data/real/trades_LINK_2026-04-10.parquet
Loading quotes from: /Users/adamlazinski/Desktop/master2/data/real/quotes_LINK_2026-04-10.parquet
Loaded 50,812 trades and 1,149,103 quotes.
  Trades: 1775779203.415 to 1775865592.604
  Quotes: 1775779200.130 to 1775865599.949
  Price range: 8.88 to 9.18
  [10/30] 2026-04-10  baseline=+59.27  obi_a1=+8.77  obi_a2=+7.80  ret_a1=+49.43  ret_a2=+48.92  vol_a1=+32.97  vol_a2=+32.17
Loading trades from: /Users/adamlazinski/Desktop/master2/data/real/trades_LINK_2026-04-11.parquet
Loading quotes from: /Users/adamlazinski/Desktop/master2/data/real/quotes_LINK_2026-04-11.parquet
Loaded 40,284 trades and 765,763 quotes.
  Trades: 1775865615.803 to 1775951884.428
  Quotes: 1775865600.046 to 1775951999.187
  Price range: 8.95 to 9.28
  [11/30] 2026-04-11  baseline=+51.79  obi_a1=+16.31  obi_a2=+9.41  ret_a1=+33.70  ret_a2=+33.09  vol_a1=+25.28  vol_a2=+24.87
Loading trades from: /Users/adamlazinski/Desktop/master2/data/real/trades_LINK_2026-04-12.parquet
Loading quotes from: /Users/adamlazinski/Desktop/master2/data/real/quotes_LINK_2026-04-12.parquet
Loaded 49,038 trades and 948,036 quotes.
  Trades: 1775952002.823 to 1776038394.979
  Quotes: 1775952000.060 to 1776038399.695
  Price range: 8.68 to 9.09
  [12/30] 2026-04-12  baseline=+59.16  obi_a1=+8.60  obi_a2=+5.38  ret_a1=+25.57  ret_a2=+26.69  vol_a1=+35.02  vol_a2=+32.87
Loading trades from: /Users/adamlazinski/Desktop/master2/data/real/trades_LINK_2026-04-13.parquet
Loading quotes from: /Users/adamlazinski/Desktop/master2/data/real/quotes_LINK_2026-04-13.parquet
Loaded 73,244 trades and 1,240,848 quotes.
  Trades: 1776038402.375 to 1776124799.460
  Quotes: 1776038400.030 to 1776124799.582
  Price range: 8.69 to 9.44
  [13/30] 2026-04-13  baseline=+82.82  obi_a1=+3.37  obi_a2=-0.32  ret_a1=+45.23  ret_a2=+46.82  vol_a1=+31.60  vol_a2=+25.87
Loading trades from: /Users/adamlazinski/Desktop/master2/data/real/trades_LINK_2026-04-14.parquet
Loading quotes from: /Users/adamlazinski/Desktop/master2/data/real/quotes_LINK_2026-04-14.parquet
Loaded 71,295 trades and 1,268,251 quotes.
  Trades: 1776124800.370 to 1776211197.528
  Quotes: 1776124800.072 to 1776211199.343
  Price range: 8.93 to 9.39
  [14/30] 2026-04-14  baseline=+98.77  obi_a1=+8.92  obi_a2=+4.31  ret_a1=+64.08  ret_a2=+62.31  vol_a1=+47.31  vol_a2=+43.85
Loading trades from: /Users/adamlazinski/Desktop/master2/data/real/trades_LINK_2026-04-15.parquet
Loading quotes from: /Users/adamlazinski/Desktop/master2/data/real/quotes_LINK_2026-04-15.parquet
Loaded 50,089 trades and 1,181,594 quotes.
  Trades: 1776211201.706 to 1776297593.867
  Quotes: 1776211200.019 to 1776297599.349
  Price range: 8.99 to 9.37
  [15/30] 2026-04-15  baseline=+79.51  obi_a1=+11.80  obi_a2=+8.53  ret_a1=+58.28  ret_a2=+57.77  vol_a1=+47.75  vol_a2=+47.20
Loading trades from: /Users/adamlazinski/Desktop/master2/data/real/trades_LINK_2026-04-16.parquet
Loading quotes from: /Users/adamlazinski/Desktop/master2/data/real/quotes_LINK_2026-04-16.parquet
Loaded 86,994 trades and 1,640,830 quotes.
  Trades: 1776297601.786 to 1776383994.877
  Quotes: 1776297600.325 to 1776383999.928
  Price range: 9.11 to 9.68
  [16/30] 2026-04-16  baseline=+100.00  obi_a1=-15.57  obi_a2=-17.83  ret_a1=+49.35  ret_a2=+50.00  vol_a1=+32.20  vol_a2=+28.92
Loading trades from: /Users/adamlazinski/Desktop/master2/data/real/trades_LINK_2026-04-17.parquet
Loading quotes from: /Users/adamlazinski/Desktop/master2/data/real/quotes_LINK_2026-04-17.parquet
Loaded 83,080 trades and 1,646,276 quotes.
  Trades: 1776384002.585 to 1776470395.194
  Quotes: 1776384000.009 to 1776470399.917
  Price range: 9.34 to 9.87
  [17/30] 2026-04-17  baseline=+123.38  obi_a1=+16.21  obi_a2=+20.83  ret_a1=+71.00  ret_a2=+71.53  vol_a1=+69.82  vol_a2=+65.58
Loading trades from: /Users/adamlazinski/Desktop/master2/data/real/trades_LINK_2026-04-18.parquet
Loading quotes from: /Users/adamlazinski/Desktop/master2/data/real/quotes_LINK_2026-04-18.parquet
Loaded 48,072 trades and 1,169,590 quotes.
  Trades: 1776470404.976 to 1776556785.200
  Quotes: 1776470400.016 to 1776556799.977
  Price range: 9.26 to 9.65
  [18/30] 2026-04-18  baseline=+59.64  obi_a1=+10.79  obi_a2=+5.97  ret_a1=+46.77  ret_a2=+32.55  vol_a1=+45.63  vol_a2=+43.65
Loading trades from: /Users/adamlazinski/Desktop/master2/data/real/trades_LINK_2026-04-19.parquet
Loading quotes from: /Users/adamlazinski/Desktop/master2/data/real/quotes_LINK_2026-04-19.parquet
Loaded 60,064 trades and 1,198,146 quotes.
  Trades: 1776556807.089 to 1776643198.277
  Quotes: 1776556800.210 to 1776643199.993
  Price range: 9.00 to 9.38
  [19/30] 2026-04-19  baseline=+73.59  obi_a1=+11.53  obi_a2=+7.47  ret_a1=+52.85  ret_a2=+52.84  vol_a1=+39.62  vol_a2=+38.00
Loading trades from: /Users/adamlazinski/Desktop/master2/data/real/trades_LINK_2026-04-20.parquet
Loading quotes from: /Users/adamlazinski/Desktop/master2/data/real/quotes_LINK_2026-04-20.parquet
Loaded 64,745 trades and 1,413,573 quotes.
  Trades: 1776643200.001 to 1776729598.772
  Quotes: 1776643200.003 to 1776729599.830
  Price range: 9.05 to 9.41
  [20/30] 2026-04-20  baseline=+64.40  obi_a1=+7.19  obi_a2=+9.52  ret_a1=+47.46  ret_a2=+46.98  vol_a1=+40.51  vol_a2=+33.16
Loading trades from: /Users/adamlazinski/Desktop/master2/data/real/trades_LINK_2026-04-21.parquet
Loading quotes from: /Users/adamlazinski/Desktop/master2/data/real/quotes_LINK_2026-04-21.parquet
Loaded 59,708 trades and 1,285,669 quotes.
  Trades: 1776729610.452 to 1776815959.198
  Quotes: 1776729600.009 to 1776815996.676
  Price range: 9.24 to 9.49
  [21/30] 2026-04-21  baseline=+58.14  obi_a1=+12.69  obi_a2=+7.86  ret_a1=+44.57  ret_a2=+45.79  vol_a1=+37.27  vol_a2=+40.19
Loading trades from: /Users/adamlazinski/Desktop/master2/data/real/trades_LINK_2026-04-22.parquet
Loading quotes from: /Users/adamlazinski/Desktop/master2/data/real/quotes_LINK_2026-04-22.parquet
Loaded 48,879 trades and 1,411,588 quotes.
  Trades: 1776816000.244 to 1776902398.877
  Quotes: 1776816000.005 to 1776902399.970
  Price range: 9.28 to 9.56
  [22/30] 2026-04-22  baseline=+74.56  obi_a1=+3.02  obi_a2=-2.94  ret_a1=+50.31  ret_a2=+27.71  vol_a1=+33.70  vol_a2=+33.77
Loading trades from: /Users/adamlazinski/Desktop/master2/data/real/trades_LINK_2026-04-23.parquet
Loading quotes from: /Users/adamlazinski/Desktop/master2/data/real/quotes_LINK_2026-04-23.parquet
Loaded 52,849 trades and 1,267,478 quotes.
  Trades: 1776902400.005 to 1776988698.485
  Quotes: 1776902400.007 to 1776988799.603
  Price range: 9.14 to 9.39
  [23/30] 2026-04-23  baseline=+68.21  obi_a1=+17.99  obi_a2=+17.84  ret_a1=+45.20  ret_a2=+46.24  vol_a1=+35.59  vol_a2=+32.49
Loading trades from: /Users/adamlazinski/Desktop/master2/data/real/trades_LINK_2026-04-24.parquet
Loading quotes from: /Users/adamlazinski/Desktop/master2/data/real/quotes_LINK_2026-04-24.parquet
Loaded 32,670 trades and 1,077,479 quotes.
  Trades: 1776988800.202 to 1777075199.241
  Quotes: 1776988800.001 to 1777075199.850
  Price range: 9.24 to 9.45
  [24/30] 2026-04-24  baseline=+52.70  obi_a1=+5.83  obi_a2=+4.62  ret_a1=+31.19  ret_a2=+31.28  vol_a1=+30.16  vol_a2=+30.05
Loading trades from: /Users/adamlazinski/Desktop/master2/data/real/trades_LINK_2026-04-25.parquet
Loading quotes from: /Users/adamlazinski/Desktop/master2/data/real/quotes_LINK_2026-04-25.parquet
Loaded 19,367 trades and 749,013 quotes.
  Trades: 1777075202.196 to 1777161552.599
  Quotes: 1777075200.197 to 1777161599.762
  Price range: 9.28 to 9.45
  [25/30] 2026-04-25  baseline=+36.54  obi_a1=+6.96  obi_a2=+5.95  ret_a1=+27.02  ret_a2=+26.95  vol_a1=+21.64  vol_a2=+21.68
Loading trades from: /Users/adamlazinski/Desktop/master2/data/real/trades_LINK_2026-04-26.parquet
Loading quotes from: /Users/adamlazinski/Desktop/master2/data/real/quotes_LINK_2026-04-26.parquet
Loaded 30,812 trades and 1,026,204 quotes.
  Trades: 1777161601.599 to 1777247990.584
  Quotes: 1777161600.005 to 1777247999.850
  Price range: 9.30 to 9.54
  [26/30] 2026-04-26  baseline=+48.55  obi_a1=+1.62  obi_a2=+0.91  ret_a1=+32.03  ret_a2=+31.14  vol_a1=+30.11  vol_a2=+22.37
Loading trades from: /Users/adamlazinski/Desktop/master2/data/real/trades_LINK_2026-04-27.parquet
Loading quotes from: /Users/adamlazinski/Desktop/master2/data/real/quotes_LINK_2026-04-27.parquet
Loaded 44,673 trades and 1,071,588 quotes.
  Trades: 1777248000.003 to 1777334388.467
  Quotes: 1777248000.009 to 1777334399.999
  Price range: 9.15 to 9.60
  [27/30] 2026-04-27  baseline=+52.60  obi_a1=+7.29  obi_a2=+4.24  ret_a1=+33.17  ret_a2=+25.50  vol_a1=+29.61  vol_a2=+27.77
Loading trades from: /Users/adamlazinski/Desktop/master2/data/real/trades_LINK_2026-04-28.parquet
Loading quotes from: /Users/adamlazinski/Desktop/master2/data/real/quotes_LINK_2026-04-28.parquet
Loaded 29,044 trades and 981,951 quotes.
  Trades: 1777334402.658 to 1777420785.129
  Quotes: 1777334400.005 to 1777420797.110
  Price range: 9.15 to 9.34
  [28/30] 2026-04-28  baseline=+32.07  obi_a1=+1.87  obi_a2=+2.92  ret_a1=+20.07  ret_a2=+18.73  vol_a1=+17.12  vol_a2=+17.10
Loading trades from: /Users/adamlazinski/Desktop/master2/data/real/trades_LINK_2026-04-29.parquet
Loading quotes from: /Users/adamlazinski/Desktop/master2/data/real/quotes_LINK_2026-04-29.parquet
Loaded 52,294 trades and 1,217,584 quotes.
  Trades: 1777420800.321 to 1777507195.213
  Quotes: 1777420800.358 to 1777507199.607
  Price range: 8.91 to 9.42
  [29/30] 2026-04-29  baseline=+71.06  obi_a1=+1.88  obi_a2=+1.71  ret_a1=+46.55  ret_a2=+29.34  vol_a1=+30.83  vol_a2=+30.49
Loading trades from: /Users/adamlazinski/Desktop/master2/data/real/trades_LINK_2026-04-30.parquet
Loading quotes from: /Users/adamlazinski/Desktop/master2/data/real/quotes_LINK_2026-04-30.parquet
Loaded 34,130 trades and 966,342 quotes.
  Trades: 1777507202.698 to 1777593598.773
  Quotes: 1777507200.012 to 1777593599.837
  Price range: 9.02 to 9.19
  [30/30] 2026-04-30  baseline=+55.83  obi_a1=+15.01  obi_a2=+13.23  ret_a1=+35.12  ret_a2=+34.43  vol_a1=+31.68  vol_a2=+31.11

   variant   mean_pnl    std_pnl   days_pos  mean_fills
  baseline    69.9355    23.1005     100.0%     12570.8
    obi_a1     9.3093     8.3342      93.3%      1620.8
    obi_a2     6.9854     8.0221      86.7%       960.0
    ret_a1    46.9660    15.2572     100.0%      6861.0
    ret_a2    44.9477    16.5537     100.0%      6516.8
    vol_a1    38.9216    13.2970     100.0%      5386.1
    vol_a2    36.8953    13.1596     100.0%      5073.3

Saved results to /Users/adamlazinski/Desktop/master2/experiments/67_perp_toxicity_filter/results/perp_toxicity_filter_mm.json
