LINK Apr-2026 markout analysis (queue_model=l2, queue_fraction=0.5, latency=10ms, requote=50ms), 30 days, spot_alpha in [0.0, 1.0, 4.0], horizons=(0.5, 1.0, 2.0, 5.0, 10.0)

Loading trades from: /Users/adamlazinski/Desktop/master2/data/real/trades_LINK_2026-04-01.parquet
Loading quotes from: /Users/adamlazinski/Desktop/master2/data/real/quotes_LINK_2026-04-01.parquet
Loaded 74,399 trades and 1,843,201 quotes.
  Trades: 1775001600.005 to 1775087996.381
  Quotes: 1775001600.015 to 1775087999.773
  Price range: 8.74 to 9.20
  [1/30] 2026-04-01  a=0.0:+3.82  a=1.0:+17.21  a=4.0:+84.44
Loading trades from: /Users/adamlazinski/Desktop/master2/data/real/trades_LINK_2026-04-02.parquet
Loading quotes from: /Users/adamlazinski/Desktop/master2/data/real/quotes_LINK_2026-04-02.parquet
Loaded 87,668 trades and 2,047,147 quotes.
  Trades: 1775088005.360 to 1775174378.165
  Quotes: 1775088000.008 to 1775174399.849
  Price range: 8.42 to 9.01
  [2/30] 2026-04-02  a=0.0:-6.83  a=1.0:+29.97  a=4.0:+90.25
Loading trades from: /Users/adamlazinski/Desktop/master2/data/real/trades_LINK_2026-04-03.parquet
Loading quotes from: /Users/adamlazinski/Desktop/master2/data/real/quotes_LINK_2026-04-03.parquet
Loaded 31,715 trades and 981,966 quotes.
  Trades: 1775174402.387 to 1775260768.518
  Quotes: 1775174400.640 to 1775260799.796
  Price range: 8.59 to 8.81
  [3/30] 2026-04-03  a=0.0:-3.70  a=1.0:+9.71  a=4.0:+42.76
Loading trades from: /Users/adamlazinski/Desktop/master2/data/real/trades_LINK_2026-04-04.parquet
Loading quotes from: /Users/adamlazinski/Desktop/master2/data/real/quotes_LINK_2026-04-04.parquet
Loaded 17,736 trades and 650,508 quotes.
  Trades: 1775260802.355 to 1775347165.173
  Quotes: 1775260800.207 to 1775347199.479
  Price range: 8.61 to 8.78
  [4/30] 2026-04-04  a=0.0:-0.91  a=1.0:+15.16  a=4.0:+27.71
Loading trades from: /Users/adamlazinski/Desktop/master2/data/real/trades_LINK_2026-04-05.parquet
Loading quotes from: /Users/adamlazinski/Desktop/master2/data/real/quotes_LINK_2026-04-05.parquet
Loaded 31,065 trades and 829,227 quotes.
  Trades: 1775347201.048 to 1775433591.554
  Quotes: 1775347200.384 to 1775433599.339
  Price range: 8.47 to 8.87
  [5/30] 2026-04-05  a=0.0:+9.14  a=1.0:+27.82  a=4.0:+46.66
Loading trades from: /Users/adamlazinski/Desktop/master2/data/real/trades_LINK_2026-04-06.parquet
Loading quotes from: /Users/adamlazinski/Desktop/master2/data/real/quotes_LINK_2026-04-06.parquet
Loaded 72,303 trades and 1,507,964 quotes.
  Trades: 1775433600.002 to 1775519989.165
  Quotes: 1775433600.022 to 1775519999.884
  Price range: 8.72 to 9.15
  [6/30] 2026-04-06  a=0.0:+10.46  a=1.0:+27.23  a=4.0:+72.53
Loading trades from: /Users/adamlazinski/Desktop/master2/data/real/trades_LINK_2026-04-07.parquet
Loading quotes from: /Users/adamlazinski/Desktop/master2/data/real/quotes_LINK_2026-04-07.parquet
Loaded 95,515 trades and 1,570,754 quotes.
  Trades: 1775520000.147 to 1775606399.835
  Quotes: 1775520000.022 to 1775606399.903
  Price range: 8.57 to 9.42
  [7/30] 2026-04-07  a=0.0:-8.55  a=1.0:+31.81  a=4.0:+90.05
Loading trades from: /Users/adamlazinski/Desktop/master2/data/real/trades_LINK_2026-04-08.parquet
Loading quotes from: /Users/adamlazinski/Desktop/master2/data/real/quotes_LINK_2026-04-08.parquet
Loaded 70,274 trades and 1,536,502 quotes.
  Trades: 1775606403.502 to 1775692799.053
  Quotes: 1775606400.028 to 1775692799.649
  Price range: 8.84 to 9.34
  [8/30] 2026-04-08  a=0.0:+6.89  a=1.0:+14.36  a=4.0:+67.68
Loading trades from: /Users/adamlazinski/Desktop/master2/data/real/trades_LINK_2026-04-09.parquet
Loading quotes from: /Users/adamlazinski/Desktop/master2/data/real/quotes_LINK_2026-04-09.parquet
Loaded 73,630 trades and 1,430,911 quotes.
  Trades: 1775692800.001 to 1775779198.568
  Quotes: 1775692800.006 to 1775779198.697
  Price range: 8.68 to 9.19
  [9/30] 2026-04-09  a=0.0:-4.87  a=1.0:+29.17  a=4.0:+67.32
Loading trades from: /Users/adamlazinski/Desktop/master2/data/real/trades_LINK_2026-04-10.parquet
Loading quotes from: /Users/adamlazinski/Desktop/master2/data/real/quotes_LINK_2026-04-10.parquet
Loaded 50,812 trades and 1,149,103 quotes.
  Trades: 1775779203.415 to 1775865592.604
  Quotes: 1775779200.130 to 1775865599.949
  Price range: 8.88 to 9.18
  [10/30] 2026-04-10  a=0.0:-7.45  a=1.0:+14.67  a=4.0:+42.08
Loading trades from: /Users/adamlazinski/Desktop/master2/data/real/trades_LINK_2026-04-11.parquet
Loading quotes from: /Users/adamlazinski/Desktop/master2/data/real/quotes_LINK_2026-04-11.parquet
Loaded 40,284 trades and 765,763 quotes.
  Trades: 1775865615.803 to 1775951884.428
  Quotes: 1775865600.046 to 1775951999.187
  Price range: 8.95 to 9.28
  [11/30] 2026-04-11  a=0.0:-1.50  a=1.0:+26.59  a=4.0:+50.44
Loading trades from: /Users/adamlazinski/Desktop/master2/data/real/trades_LINK_2026-04-12.parquet
Loading quotes from: /Users/adamlazinski/Desktop/master2/data/real/quotes_LINK_2026-04-12.parquet
Loaded 49,038 trades and 948,036 quotes.
  Trades: 1775952002.823 to 1776038394.979
  Quotes: 1775952000.060 to 1776038399.695
  Price range: 8.68 to 9.09
  [12/30] 2026-04-12  a=0.0:+6.87  a=1.0:+20.95  a=4.0:+55.09
Loading trades from: /Users/adamlazinski/Desktop/master2/data/real/trades_LINK_2026-04-13.parquet
Loading quotes from: /Users/adamlazinski/Desktop/master2/data/real/quotes_LINK_2026-04-13.parquet
Loaded 73,244 trades and 1,240,848 quotes.
  Trades: 1776038402.375 to 1776124799.460
  Quotes: 1776038400.030 to 1776124799.582
  Price range: 8.69 to 9.44
  [13/30] 2026-04-13  a=0.0:-8.02  a=1.0:+24.01  a=4.0:+64.99
Loading trades from: /Users/adamlazinski/Desktop/master2/data/real/trades_LINK_2026-04-14.parquet
Loading quotes from: /Users/adamlazinski/Desktop/master2/data/real/quotes_LINK_2026-04-14.parquet
Loaded 71,295 trades and 1,268,251 quotes.
  Trades: 1776124800.370 to 1776211197.528
  Quotes: 1776124800.072 to 1776211199.343
  Price range: 8.93 to 9.39
  [14/30] 2026-04-14  a=0.0:-9.48  a=1.0:+8.31  a=4.0:+57.52
Loading trades from: /Users/adamlazinski/Desktop/master2/data/real/trades_LINK_2026-04-15.parquet
Loading quotes from: /Users/adamlazinski/Desktop/master2/data/real/quotes_LINK_2026-04-15.parquet
Loaded 50,089 trades and 1,181,594 quotes.
  Trades: 1776211201.706 to 1776297593.867
  Quotes: 1776211200.019 to 1776297599.349
  Price range: 8.99 to 9.37
  [15/30] 2026-04-15  a=0.0:+10.19  a=1.0:+16.69  a=4.0:+54.85
Loading trades from: /Users/adamlazinski/Desktop/master2/data/real/trades_LINK_2026-04-16.parquet
Loading quotes from: /Users/adamlazinski/Desktop/master2/data/real/quotes_LINK_2026-04-16.parquet
Loaded 86,994 trades and 1,640,830 quotes.
  Trades: 1776297601.786 to 1776383994.877
  Quotes: 1776297600.325 to 1776383999.928
  Price range: 9.11 to 9.68
  [16/30] 2026-04-16  a=0.0:-12.14  a=1.0:+20.47  a=4.0:+64.42
Loading trades from: /Users/adamlazinski/Desktop/master2/data/real/trades_LINK_2026-04-17.parquet
Loading quotes from: /Users/adamlazinski/Desktop/master2/data/real/quotes_LINK_2026-04-17.parquet
Loaded 83,080 trades and 1,646,276 quotes.
  Trades: 1776384002.585 to 1776470395.194
  Quotes: 1776384000.009 to 1776470399.917
  Price range: 9.34 to 9.87
  [17/30] 2026-04-17  a=0.0:+12.41  a=1.0:+49.72  a=4.0:+89.79
Loading trades from: /Users/adamlazinski/Desktop/master2/data/real/trades_LINK_2026-04-18.parquet
Loading quotes from: /Users/adamlazinski/Desktop/master2/data/real/quotes_LINK_2026-04-18.parquet
Loaded 48,072 trades and 1,169,590 quotes.
  Trades: 1776470404.976 to 1776556785.200
  Quotes: 1776470400.016 to 1776556799.977
  Price range: 9.26 to 9.65
  [18/30] 2026-04-18  a=0.0:-1.64  a=1.0:+11.90  a=4.0:+58.12
Loading trades from: /Users/adamlazinski/Desktop/master2/data/real/trades_LINK_2026-04-19.parquet
Loading quotes from: /Users/adamlazinski/Desktop/master2/data/real/quotes_LINK_2026-04-19.parquet
Loaded 60,064 trades and 1,198,146 quotes.
  Trades: 1776556807.089 to 1776643198.277
  Quotes: 1776556800.210 to 1776643199.993
  Price range: 9.00 to 9.38
  [19/30] 2026-04-19  a=0.0:+0.90  a=1.0:+33.08  a=4.0:+67.92
Loading trades from: /Users/adamlazinski/Desktop/master2/data/real/trades_LINK_2026-04-20.parquet
Loading quotes from: /Users/adamlazinski/Desktop/master2/data/real/quotes_LINK_2026-04-20.parquet
Loaded 64,745 trades and 1,413,573 quotes.
  Trades: 1776643200.001 to 1776729598.772
  Quotes: 1776643200.003 to 1776729599.830
  Price range: 9.05 to 9.41
  [20/30] 2026-04-20  a=0.0:-0.55  a=1.0:+42.91  a=4.0:+64.20
Loading trades from: /Users/adamlazinski/Desktop/master2/data/real/trades_LINK_2026-04-21.parquet
Loading quotes from: /Users/adamlazinski/Desktop/master2/data/real/quotes_LINK_2026-04-21.parquet
Loaded 59,708 trades and 1,285,669 quotes.
  Trades: 1776729610.452 to 1776815959.198
  Quotes: 1776729600.009 to 1776815996.676
  Price range: 9.24 to 9.49
  [21/30] 2026-04-21  a=0.0:+2.23  a=1.0:+37.65  a=4.0:+49.05
Loading trades from: /Users/adamlazinski/Desktop/master2/data/real/trades_LINK_2026-04-22.parquet
Loading quotes from: /Users/adamlazinski/Desktop/master2/data/real/quotes_LINK_2026-04-22.parquet
Loaded 48,879 trades and 1,411,588 quotes.
  Trades: 1776816000.244 to 1776902398.877
  Quotes: 1776816000.005 to 1776902399.970
  Price range: 9.28 to 9.56
  [22/30] 2026-04-22  a=0.0:-7.03  a=1.0:+9.94  a=4.0:+57.51
Loading trades from: /Users/adamlazinski/Desktop/master2/data/real/trades_LINK_2026-04-23.parquet
Loading quotes from: /Users/adamlazinski/Desktop/master2/data/real/quotes_LINK_2026-04-23.parquet
Loaded 52,849 trades and 1,267,478 quotes.
  Trades: 1776902400.005 to 1776988698.485
  Quotes: 1776902400.007 to 1776988799.603
  Price range: 9.14 to 9.39
  [23/30] 2026-04-23  a=0.0:+10.48  a=1.0:+27.14  a=4.0:+57.69
Loading trades from: /Users/adamlazinski/Desktop/master2/data/real/trades_LINK_2026-04-24.parquet
Loading quotes from: /Users/adamlazinski/Desktop/master2/data/real/quotes_LINK_2026-04-24.parquet
Loaded 32,670 trades and 1,077,479 quotes.
  Trades: 1776988800.202 to 1777075199.241
  Quotes: 1776988800.001 to 1777075199.850
  Price range: 9.24 to 9.45
  [24/30] 2026-04-24  a=0.0:+0.32  a=1.0:+20.60  a=4.0:+52.56
Loading trades from: /Users/adamlazinski/Desktop/master2/data/real/trades_LINK_2026-04-25.parquet
Loading quotes from: /Users/adamlazinski/Desktop/master2/data/real/quotes_LINK_2026-04-25.parquet
Loaded 19,367 trades and 749,013 quotes.
  Trades: 1777075202.196 to 1777161552.599
  Quotes: 1777075200.197 to 1777161599.762
  Price range: 9.28 to 9.45
  [25/30] 2026-04-25  a=0.0:+2.07  a=1.0:+21.08  a=4.0:+29.16
Loading trades from: /Users/adamlazinski/Desktop/master2/data/real/trades_LINK_2026-04-26.parquet
Loading quotes from: /Users/adamlazinski/Desktop/master2/data/real/quotes_LINK_2026-04-26.parquet
Loaded 30,812 trades and 1,026,204 quotes.
  Trades: 1777161601.599 to 1777247990.584
  Quotes: 1777161600.005 to 1777247999.850
  Price range: 9.30 to 9.54
  [26/30] 2026-04-26  a=0.0:-2.86  a=1.0:+11.95  a=4.0:+27.64
Loading trades from: /Users/adamlazinski/Desktop/master2/data/real/trades_LINK_2026-04-27.parquet
Loading quotes from: /Users/adamlazinski/Desktop/master2/data/real/quotes_LINK_2026-04-27.parquet
Loaded 44,673 trades and 1,071,588 quotes.
  Trades: 1777248000.003 to 1777334388.467
  Quotes: 1777248000.009 to 1777334399.999
  Price range: 9.15 to 9.60
  [27/30] 2026-04-27  a=0.0:+2.50  a=1.0:+16.87  a=4.0:+32.98
Loading trades from: /Users/adamlazinski/Desktop/master2/data/real/trades_LINK_2026-04-28.parquet
Loading quotes from: /Users/adamlazinski/Desktop/master2/data/real/quotes_LINK_2026-04-28.parquet
Loaded 29,044 trades and 981,951 quotes.
  Trades: 1777334402.658 to 1777420785.129
  Quotes: 1777334400.005 to 1777420797.110
  Price range: 9.15 to 9.34
  [28/30] 2026-04-28  a=0.0:-5.38  a=1.0:+6.68  a=4.0:+28.74
Loading trades from: /Users/adamlazinski/Desktop/master2/data/real/trades_LINK_2026-04-29.parquet
Loading quotes from: /Users/adamlazinski/Desktop/master2/data/real/quotes_LINK_2026-04-29.parquet
Loaded 52,294 trades and 1,217,584 quotes.
  Trades: 1777420800.321 to 1777507195.213
  Quotes: 1777420800.358 to 1777507199.607
  Price range: 8.91 to 9.42
  [29/30] 2026-04-29  a=0.0:-8.17  a=1.0:+31.48  a=4.0:+54.61
Loading trades from: /Users/adamlazinski/Desktop/master2/data/real/trades_LINK_2026-04-30.parquet
Loading quotes from: /Users/adamlazinski/Desktop/master2/data/real/quotes_LINK_2026-04-30.parquet
Loaded 34,130 trades and 966,342 quotes.
  Trades: 1777507202.698 to 1777593598.773
  Quotes: 1777507200.012 to 1777593599.837
  Price range: 9.02 to 9.19
  [30/30] 2026-04-30  a=0.0:+3.73  a=1.0:+14.49  a=4.0:+31.31

 alpha      fee0   fee45bp       std  days_pos     fills  taker%
  0.00   -0.2359   -0.2359    6.7634     46.7%    3231.8    0.0%
  1.00   22.3209   22.3209   10.3347    100.0%    1582.8    0.0%
  4.00   56.0016   56.0016   18.2148    100.0%    2244.7    0.0%

Markout summary (mean signed markout, ticks; %adverse = pct of fills with negative markout):

  alpha=0.0
    h= 0.5s  side=all  mean=-1.2649 ticks  adverse= 62.57%  n=96953
    h= 0.5s  side=bid  mean=-1.3935 ticks  adverse= 63.88%  n=50662
    h= 0.5s  side=ask  mean=-1.1242 ticks  adverse= 61.13%  n=46291
    h= 1.0s  side=all  mean=-1.1716 ticks  adverse= 61.53%  n=96953
    h= 1.0s  side=bid  mean=-1.3083 ticks  adverse= 62.90%  n=50662
    h= 1.0s  side=ask  mean=-1.0220 ticks  adverse= 60.03%  n=46291
    h= 2.0s  side=all  mean=-0.9587 ticks  adverse= 59.30%  n=96952
    h= 2.0s  side=bid  mean=-1.0635 ticks  adverse= 60.43%  n=50662
    h= 2.0s  side=ask  mean=-0.8440 ticks  adverse= 58.07%  n=46290
    h= 5.0s  side=all  mean=-0.5941 ticks  adverse= 55.57%  n=96946
    h= 5.0s  side=bid  mean=-0.7255 ticks  adverse= 56.92%  n=50656
    h= 5.0s  side=ask  mean=-0.4503 ticks  adverse= 54.09%  n=46290
    h=10.0s  side=all  mean=-0.4073 ticks  adverse= 53.71%  n=96939
    h=10.0s  side=bid  mean=-0.5433 ticks  adverse= 55.14%  n=50652
    h=10.0s  side=ask  mean=-0.2585 ticks  adverse= 52.15%  n=46287
  alpha=1.0
    h= 0.5s  side=all  mean=+1.5432 ticks  adverse= 32.82%  n=47485
    h= 0.5s  side=bid  mean=+1.4172 ticks  adverse= 34.26%  n=24378
    h= 0.5s  side=ask  mean=+1.6761 ticks  adverse= 31.30%  n=23107
    h= 1.0s  side=all  mean=+1.6533 ticks  adverse= 32.76%  n=47485
    h= 1.0s  side=bid  mean=+1.5017 ticks  adverse= 34.34%  n=24378
    h= 1.0s  side=ask  mean=+1.8133 ticks  adverse= 31.09%  n=23107
    h= 2.0s  side=all  mean=+1.8730 ticks  adverse= 32.07%  n=47485
    h= 2.0s  side=bid  mean=+1.7113 ticks  adverse= 33.69%  n=24378
    h= 2.0s  side=ask  mean=+2.0435 ticks  adverse= 30.36%  n=23107
    h= 5.0s  side=all  mean=+2.2479 ticks  adverse= 31.14%  n=47485
    h= 5.0s  side=bid  mean=+2.0818 ticks  adverse= 32.80%  n=24378
    h= 5.0s  side=ask  mean=+2.4232 ticks  adverse= 29.39%  n=23107
    h=10.0s  side=all  mean=+2.4795 ticks  adverse= 31.35%  n=47483
    h=10.0s  side=bid  mean=+2.2631 ticks  adverse= 33.34%  n=24376
    h=10.0s  side=ask  mean=+2.7078 ticks  adverse= 29.26%  n=23107
  alpha=4.0
    h= 0.5s  side=all  mean=+2.8811 ticks  adverse=  9.80%  n=67340
    h= 0.5s  side=bid  mean=+2.8642 ticks  adverse= 10.34%  n=33757
    h= 0.5s  side=ask  mean=+2.8981 ticks  adverse=  9.26%  n=33583
    h= 1.0s  side=all  mean=+3.0055 ticks  adverse=  9.98%  n=67338
    h= 1.0s  side=bid  mean=+2.9842 ticks  adverse= 10.54%  n=33756
    h= 1.0s  side=ask  mean=+3.0270 ticks  adverse=  9.41%  n=33582
    h= 2.0s  side=all  mean=+3.2384 ticks  adverse=  9.97%  n=67337
    h= 2.0s  side=bid  mean=+3.2355 ticks  adverse= 10.40%  n=33755
    h= 2.0s  side=ask  mean=+3.2413 ticks  adverse=  9.53%  n=33582
    h= 5.0s  side=all  mean=+3.6495 ticks  adverse= 10.34%  n=67336
    h= 5.0s  side=bid  mean=+3.6375 ticks  adverse= 10.82%  n=33755
    h= 5.0s  side=ask  mean=+3.6616 ticks  adverse=  9.86%  n=33581
    h=10.0s  side=all  mean=+4.0598 ticks  adverse= 11.08%  n=67334
    h=10.0s  side=bid  mean=+3.9918 ticks  adverse= 11.89%  n=33753
    h=10.0s  side=ask  mean=+4.1282 ticks  adverse= 10.27%  n=33581

Saved results to /Users/adamlazinski/Desktop/master2/experiments/75_markout_analysis/results/markout_analysis.json
