LINK Apr-2026 spread-rule x skew grid (queue_model=l2, queue_fraction=0.5, latency=10ms, requote=50ms), 30 days, rules=['touch', 'as', 'constant'], skew=['baseline', 'spot1']

Loading trades from: /Users/adamlazinski/Desktop/master2/data/real/trades_LINK_2026-04-01.parquet
Loading quotes from: /Users/adamlazinski/Desktop/master2/data/real/quotes_LINK_2026-04-01.parquet
Loaded 74,399 trades and 1,843,201 quotes.
  Trades: 1775001600.005 to 1775087996.381
  Quotes: 1775001600.015 to 1775087999.773
  Price range: 8.74 to 9.20
  [1/30] 2026-04-01  touch/baseline=+3.82  touch/spot1=+17.21  as/baseline=+4.26  as/spot1=+17.02  constant/baseline=+4.26  constant/spot1=+17.02
Loading trades from: /Users/adamlazinski/Desktop/master2/data/real/trades_LINK_2026-04-02.parquet
Loading quotes from: /Users/adamlazinski/Desktop/master2/data/real/quotes_LINK_2026-04-02.parquet
Loaded 87,668 trades and 2,047,147 quotes.
  Trades: 1775088005.360 to 1775174378.165
  Quotes: 1775088000.008 to 1775174399.849
  Price range: 8.42 to 9.01
  [2/30] 2026-04-02  touch/baseline=-6.83  touch/spot1=+29.97  as/baseline=-6.94  as/spot1=+29.91  constant/baseline=-6.94  constant/spot1=+29.91
Loading trades from: /Users/adamlazinski/Desktop/master2/data/real/trades_LINK_2026-04-03.parquet
Loading quotes from: /Users/adamlazinski/Desktop/master2/data/real/quotes_LINK_2026-04-03.parquet
Loaded 31,715 trades and 981,966 quotes.
  Trades: 1775174402.387 to 1775260768.518
  Quotes: 1775174400.640 to 1775260799.796
  Price range: 8.59 to 8.81
  [3/30] 2026-04-03  touch/baseline=-3.70  touch/spot1=+9.71  as/baseline=-4.04  as/spot1=+9.95  constant/baseline=-4.04  constant/spot1=+9.95
Loading trades from: /Users/adamlazinski/Desktop/master2/data/real/trades_LINK_2026-04-04.parquet
Loading quotes from: /Users/adamlazinski/Desktop/master2/data/real/quotes_LINK_2026-04-04.parquet
Loaded 17,736 trades and 650,508 quotes.
  Trades: 1775260802.355 to 1775347165.173
  Quotes: 1775260800.207 to 1775347199.479
  Price range: 8.61 to 8.78
  [4/30] 2026-04-04  touch/baseline=-0.91  touch/spot1=+15.16  as/baseline=-0.26  as/spot1=+15.28  constant/baseline=-0.26  constant/spot1=+15.28
Loading trades from: /Users/adamlazinski/Desktop/master2/data/real/trades_LINK_2026-04-05.parquet
Loading quotes from: /Users/adamlazinski/Desktop/master2/data/real/quotes_LINK_2026-04-05.parquet
Loaded 31,065 trades and 829,227 quotes.
  Trades: 1775347201.048 to 1775433591.554
  Quotes: 1775347200.384 to 1775433599.339
  Price range: 8.47 to 8.87
  [5/30] 2026-04-05  touch/baseline=+9.14  touch/spot1=+27.82  as/baseline=+9.14  as/spot1=+27.82  constant/baseline=+9.14  constant/spot1=+27.82
Loading trades from: /Users/adamlazinski/Desktop/master2/data/real/trades_LINK_2026-04-06.parquet
Loading quotes from: /Users/adamlazinski/Desktop/master2/data/real/quotes_LINK_2026-04-06.parquet
Loaded 72,303 trades and 1,507,964 quotes.
  Trades: 1775433600.002 to 1775519989.165
  Quotes: 1775433600.022 to 1775519999.884
  Price range: 8.72 to 9.15
  [6/30] 2026-04-06  touch/baseline=+10.46  touch/spot1=+27.23  as/baseline=+10.21  as/spot1=+27.37  constant/baseline=+10.21  constant/spot1=+27.37
Loading trades from: /Users/adamlazinski/Desktop/master2/data/real/trades_LINK_2026-04-07.parquet
Loading quotes from: /Users/adamlazinski/Desktop/master2/data/real/quotes_LINK_2026-04-07.parquet
Loaded 95,515 trades and 1,570,754 quotes.
  Trades: 1775520000.147 to 1775606399.835
  Quotes: 1775520000.022 to 1775606399.903
  Price range: 8.57 to 9.42
  [7/30] 2026-04-07  touch/baseline=-8.55  touch/spot1=+31.81  as/baseline=-7.93  as/spot1=+30.94  constant/baseline=-7.93  constant/spot1=+30.94
Loading trades from: /Users/adamlazinski/Desktop/master2/data/real/trades_LINK_2026-04-08.parquet
Loading quotes from: /Users/adamlazinski/Desktop/master2/data/real/quotes_LINK_2026-04-08.parquet
Loaded 70,274 trades and 1,536,502 quotes.
  Trades: 1775606403.502 to 1775692799.053
  Quotes: 1775606400.028 to 1775692799.649
  Price range: 8.84 to 9.34
  [8/30] 2026-04-08  touch/baseline=+6.89  touch/spot1=+14.36  as/baseline=+6.86  as/spot1=+14.24  constant/baseline=+6.86  constant/spot1=+14.24
Loading trades from: /Users/adamlazinski/Desktop/master2/data/real/trades_LINK_2026-04-09.parquet
Loading quotes from: /Users/adamlazinski/Desktop/master2/data/real/quotes_LINK_2026-04-09.parquet
Loaded 73,630 trades and 1,430,911 quotes.
  Trades: 1775692800.001 to 1775779198.568
  Quotes: 1775692800.006 to 1775779198.697
  Price range: 8.68 to 9.19
  [9/30] 2026-04-09  touch/baseline=-4.87  touch/spot1=+29.17  as/baseline=-4.99  as/spot1=+28.93  constant/baseline=-4.99  constant/spot1=+28.93
Loading trades from: /Users/adamlazinski/Desktop/master2/data/real/trades_LINK_2026-04-10.parquet
Loading quotes from: /Users/adamlazinski/Desktop/master2/data/real/quotes_LINK_2026-04-10.parquet
Loaded 50,812 trades and 1,149,103 quotes.
  Trades: 1775779203.415 to 1775865592.604
  Quotes: 1775779200.130 to 1775865599.949
  Price range: 8.88 to 9.18
  [10/30] 2026-04-10  touch/baseline=-7.45  touch/spot1=+14.67  as/baseline=-7.76  as/spot1=+14.70  constant/baseline=-7.76  constant/spot1=+14.70
Loading trades from: /Users/adamlazinski/Desktop/master2/data/real/trades_LINK_2026-04-11.parquet
Loading quotes from: /Users/adamlazinski/Desktop/master2/data/real/quotes_LINK_2026-04-11.parquet
Loaded 40,284 trades and 765,763 quotes.
  Trades: 1775865615.803 to 1775951884.428
  Quotes: 1775865600.046 to 1775951999.187
  Price range: 8.95 to 9.28
  [11/30] 2026-04-11  touch/baseline=-1.50  touch/spot1=+26.59  as/baseline=-1.48  as/spot1=+26.78  constant/baseline=-1.48  constant/spot1=+26.78
Loading trades from: /Users/adamlazinski/Desktop/master2/data/real/trades_LINK_2026-04-12.parquet
Loading quotes from: /Users/adamlazinski/Desktop/master2/data/real/quotes_LINK_2026-04-12.parquet
Loaded 49,038 trades and 948,036 quotes.
  Trades: 1775952002.823 to 1776038394.979
  Quotes: 1775952000.060 to 1776038399.695
  Price range: 8.68 to 9.09
  [12/30] 2026-04-12  touch/baseline=+6.87  touch/spot1=+20.95  as/baseline=+6.87  as/spot1=+21.01  constant/baseline=+6.87  constant/spot1=+21.01
Loading trades from: /Users/adamlazinski/Desktop/master2/data/real/trades_LINK_2026-04-13.parquet
Loading quotes from: /Users/adamlazinski/Desktop/master2/data/real/quotes_LINK_2026-04-13.parquet
Loaded 73,244 trades and 1,240,848 quotes.
  Trades: 1776038402.375 to 1776124799.460
  Quotes: 1776038400.030 to 1776124799.582
  Price range: 8.69 to 9.44
  [13/30] 2026-04-13  touch/baseline=-8.02  touch/spot1=+24.01  as/baseline=-8.47  as/spot1=+24.13  constant/baseline=-8.47  constant/spot1=+24.13
Loading trades from: /Users/adamlazinski/Desktop/master2/data/real/trades_LINK_2026-04-14.parquet
Loading quotes from: /Users/adamlazinski/Desktop/master2/data/real/quotes_LINK_2026-04-14.parquet
Loaded 71,295 trades and 1,268,251 quotes.
  Trades: 1776124800.370 to 1776211197.528
  Quotes: 1776124800.072 to 1776211199.343
  Price range: 8.93 to 9.39
  [14/30] 2026-04-14  touch/baseline=-9.48  touch/spot1=+8.31  as/baseline=-9.59  as/spot1=+8.27  constant/baseline=-9.59  constant/spot1=+8.27
Loading trades from: /Users/adamlazinski/Desktop/master2/data/real/trades_LINK_2026-04-15.parquet
Loading quotes from: /Users/adamlazinski/Desktop/master2/data/real/quotes_LINK_2026-04-15.parquet
Loaded 50,089 trades and 1,181,594 quotes.
  Trades: 1776211201.706 to 1776297593.867
  Quotes: 1776211200.019 to 1776297599.349
  Price range: 8.99 to 9.37
  [15/30] 2026-04-15  touch/baseline=+10.19  touch/spot1=+16.69  as/baseline=+10.19  as/spot1=+16.30  constant/baseline=+10.19  constant/spot1=+16.30
Loading trades from: /Users/adamlazinski/Desktop/master2/data/real/trades_LINK_2026-04-16.parquet
Loading quotes from: /Users/adamlazinski/Desktop/master2/data/real/quotes_LINK_2026-04-16.parquet
Loaded 86,994 trades and 1,640,830 quotes.
  Trades: 1776297601.786 to 1776383994.877
  Quotes: 1776297600.325 to 1776383999.928
  Price range: 9.11 to 9.68
  [16/30] 2026-04-16  touch/baseline=-12.14  touch/spot1=+20.47  as/baseline=-12.12  as/spot1=+20.96  constant/baseline=-12.12  constant/spot1=+20.96
Loading trades from: /Users/adamlazinski/Desktop/master2/data/real/trades_LINK_2026-04-17.parquet
Loading quotes from: /Users/adamlazinski/Desktop/master2/data/real/quotes_LINK_2026-04-17.parquet
Loaded 83,080 trades and 1,646,276 quotes.
  Trades: 1776384002.585 to 1776470395.194
  Quotes: 1776384000.009 to 1776470399.917
  Price range: 9.34 to 9.87
  [17/30] 2026-04-17  touch/baseline=+12.41  touch/spot1=+49.72  as/baseline=+12.16  as/spot1=+49.58  constant/baseline=+12.16  constant/spot1=+49.58
Loading trades from: /Users/adamlazinski/Desktop/master2/data/real/trades_LINK_2026-04-18.parquet
Loading quotes from: /Users/adamlazinski/Desktop/master2/data/real/quotes_LINK_2026-04-18.parquet
Loaded 48,072 trades and 1,169,590 quotes.
  Trades: 1776470404.976 to 1776556785.200
  Quotes: 1776470400.016 to 1776556799.977
  Price range: 9.26 to 9.65
  [18/30] 2026-04-18  touch/baseline=-1.64  touch/spot1=+11.90  as/baseline=-1.74  as/spot1=+11.80  constant/baseline=-1.74  constant/spot1=+11.80
Loading trades from: /Users/adamlazinski/Desktop/master2/data/real/trades_LINK_2026-04-19.parquet
Loading quotes from: /Users/adamlazinski/Desktop/master2/data/real/quotes_LINK_2026-04-19.parquet
Loaded 60,064 trades and 1,198,146 quotes.
  Trades: 1776556807.089 to 1776643198.277
  Quotes: 1776556800.210 to 1776643199.993
  Price range: 9.00 to 9.38
  [19/30] 2026-04-19  touch/baseline=+0.90  touch/spot1=+33.08  as/baseline=+0.37  as/spot1=+32.83  constant/baseline=+0.37  constant/spot1=+32.83
Loading trades from: /Users/adamlazinski/Desktop/master2/data/real/trades_LINK_2026-04-20.parquet
Loading quotes from: /Users/adamlazinski/Desktop/master2/data/real/quotes_LINK_2026-04-20.parquet
Loaded 64,745 trades and 1,413,573 quotes.
  Trades: 1776643200.001 to 1776729598.772
  Quotes: 1776643200.003 to 1776729599.830
  Price range: 9.05 to 9.41
  [20/30] 2026-04-20  touch/baseline=-0.55  touch/spot1=+42.91  as/baseline=-0.37  as/spot1=+43.09  constant/baseline=-0.37  constant/spot1=+43.09
Loading trades from: /Users/adamlazinski/Desktop/master2/data/real/trades_LINK_2026-04-21.parquet
Loading quotes from: /Users/adamlazinski/Desktop/master2/data/real/quotes_LINK_2026-04-21.parquet
Loaded 59,708 trades and 1,285,669 quotes.
  Trades: 1776729610.452 to 1776815959.198
  Quotes: 1776729600.009 to 1776815996.676
  Price range: 9.24 to 9.49
  [21/30] 2026-04-21  touch/baseline=+2.23  touch/spot1=+37.65  as/baseline=+3.43  as/spot1=+37.76  constant/baseline=+3.43  constant/spot1=+37.76
Loading trades from: /Users/adamlazinski/Desktop/master2/data/real/trades_LINK_2026-04-22.parquet
Loading quotes from: /Users/adamlazinski/Desktop/master2/data/real/quotes_LINK_2026-04-22.parquet
Loaded 48,879 trades and 1,411,588 quotes.
  Trades: 1776816000.244 to 1776902398.877
  Quotes: 1776816000.005 to 1776902399.970
  Price range: 9.28 to 9.56
  [22/30] 2026-04-22  touch/baseline=-7.03  touch/spot1=+9.94  as/baseline=-7.05  as/spot1=+9.43  constant/baseline=-7.05  constant/spot1=+9.43
Loading trades from: /Users/adamlazinski/Desktop/master2/data/real/trades_LINK_2026-04-23.parquet
Loading quotes from: /Users/adamlazinski/Desktop/master2/data/real/quotes_LINK_2026-04-23.parquet
Loaded 52,849 trades and 1,267,478 quotes.
  Trades: 1776902400.005 to 1776988698.485
  Quotes: 1776902400.007 to 1776988799.603
  Price range: 9.14 to 9.39
  [23/30] 2026-04-23  touch/baseline=+10.48  touch/spot1=+27.14  as/baseline=+10.50  as/spot1=+26.81  constant/baseline=+10.50  constant/spot1=+26.81
Loading trades from: /Users/adamlazinski/Desktop/master2/data/real/trades_LINK_2026-04-24.parquet
Loading quotes from: /Users/adamlazinski/Desktop/master2/data/real/quotes_LINK_2026-04-24.parquet
Loaded 32,670 trades and 1,077,479 quotes.
  Trades: 1776988800.202 to 1777075199.241
  Quotes: 1776988800.001 to 1777075199.850
  Price range: 9.24 to 9.45
  [24/30] 2026-04-24  touch/baseline=+0.32  touch/spot1=+20.60  as/baseline=+0.29  as/spot1=+20.73  constant/baseline=+0.29  constant/spot1=+20.73
Loading trades from: /Users/adamlazinski/Desktop/master2/data/real/trades_LINK_2026-04-25.parquet
Loading quotes from: /Users/adamlazinski/Desktop/master2/data/real/quotes_LINK_2026-04-25.parquet
Loaded 19,367 trades and 749,013 quotes.
  Trades: 1777075202.196 to 1777161552.599
  Quotes: 1777075200.197 to 1777161599.762
  Price range: 9.28 to 9.45
  [25/30] 2026-04-25  touch/baseline=+2.07  touch/spot1=+21.08  as/baseline=+2.07  as/spot1=+21.08  constant/baseline=+2.07  constant/spot1=+21.08
Loading trades from: /Users/adamlazinski/Desktop/master2/data/real/trades_LINK_2026-04-26.parquet
Loading quotes from: /Users/adamlazinski/Desktop/master2/data/real/quotes_LINK_2026-04-26.parquet
Loaded 30,812 trades and 1,026,204 quotes.
  Trades: 1777161601.599 to 1777247990.584
  Quotes: 1777161600.005 to 1777247999.850
  Price range: 9.30 to 9.54
  [26/30] 2026-04-26  touch/baseline=-2.86  touch/spot1=+11.95  as/baseline=-2.80  as/spot1=+12.02  constant/baseline=-2.80  constant/spot1=+12.02
Loading trades from: /Users/adamlazinski/Desktop/master2/data/real/trades_LINK_2026-04-27.parquet
Loading quotes from: /Users/adamlazinski/Desktop/master2/data/real/quotes_LINK_2026-04-27.parquet
Loaded 44,673 trades and 1,071,588 quotes.
  Trades: 1777248000.003 to 1777334388.467
  Quotes: 1777248000.009 to 1777334399.999
  Price range: 9.15 to 9.60
  [27/30] 2026-04-27  touch/baseline=+2.50  touch/spot1=+16.87  as/baseline=+2.47  as/spot1=+16.83  constant/baseline=+2.47  constant/spot1=+16.83
Loading trades from: /Users/adamlazinski/Desktop/master2/data/real/trades_LINK_2026-04-28.parquet
Loading quotes from: /Users/adamlazinski/Desktop/master2/data/real/quotes_LINK_2026-04-28.parquet
Loaded 29,044 trades and 981,951 quotes.
  Trades: 1777334402.658 to 1777420785.129
  Quotes: 1777334400.005 to 1777420797.110
  Price range: 9.15 to 9.34
  [28/30] 2026-04-28  touch/baseline=-5.38  touch/spot1=+6.68  as/baseline=-5.41  as/spot1=+6.66  constant/baseline=-5.41  constant/spot1=+6.66
Loading trades from: /Users/adamlazinski/Desktop/master2/data/real/trades_LINK_2026-04-29.parquet
Loading quotes from: /Users/adamlazinski/Desktop/master2/data/real/quotes_LINK_2026-04-29.parquet
Loaded 52,294 trades and 1,217,584 quotes.
  Trades: 1777420800.321 to 1777507195.213
  Quotes: 1777420800.358 to 1777507199.607
  Price range: 8.91 to 9.42
  [29/30] 2026-04-29  touch/baseline=-8.17  touch/spot1=+31.48  as/baseline=-8.17  as/spot1=+31.34  constant/baseline=-8.17  constant/spot1=+31.34
Loading trades from: /Users/adamlazinski/Desktop/master2/data/real/trades_LINK_2026-04-30.parquet
Loading quotes from: /Users/adamlazinski/Desktop/master2/data/real/quotes_LINK_2026-04-30.parquet
Loaded 34,130 trades and 966,342 quotes.
  Trades: 1777507202.698 to 1777593598.773
  Quotes: 1777507200.012 to 1777593599.837
  Price range: 9.02 to 9.19
  [30/30] 2026-04-30  touch/baseline=+3.73  touch/spot1=+14.49  as/baseline=+3.73  as/spot1=+14.49  constant/baseline=+3.73  constant/spot1=+14.49

      rule    variant      fee0   fee45bp       std  days_pos     fills  taker%
     touch   baseline   -0.2359   -0.2359    6.7634     46.7%    3231.8    0.0%
     touch      spot1   22.3209   22.3209   10.3347    100.0%    1582.8    0.0%
        as   baseline   -0.2184   -0.2184    6.7801     46.7%    3239.4    0.0%
        as      spot1   22.2685   22.2685   10.3182    100.0%    1583.1    0.0%
  constant   baseline   -0.2184   -0.2184    6.7801     46.7%    3239.4    0.0%
  constant      spot1   22.2683   22.2683   10.3181    100.0%    1583.0    0.0%

Saved results to /Users/adamlazinski/Desktop/master2/experiments/70_spread_rule_grid/results/spread_rule_grid.json
